// Jest Snapshot v1, https://goo.gl/fbAQLP

exports[`MaterialFormComponent <MaterialForm /> MaterialForm Component renders correctly 1`] = `[Function]`;
