// Jest Snapshot v1, https://goo.gl/fbAQLP

exports[`ProfileBoxComponent <ProfileBoxComponent /> ChatBox Component renders correctly 1`] = `[Function]`;
