// Jest Snapshot v1, https://goo.gl/fbAQLP

exports[`AppHeaderComponent <AppHeaderComponent /> AppHeader Component renders correctly 1`] = `[Function]`;
