// Jest Snapshot v1, https://goo.gl/fbAQLP

exports[`ChatMainComponent <ChatMainComponent /> ChatMain Component renders correctly 1`] = `[Function]`;
