// Jest Snapshot v1, https://goo.gl/fbAQLP

exports[`ChatHeaderComponent <ChatHeaderComponent /> ChatHeader Component renders correctly 1`] = `[Function]`;
