// Jest Snapshot v1, https://goo.gl/fbAQLP

exports[`CreateGroupComponent <CreateGroup /> CreateGroup Component renders correctly 1`] = `[Function]`;
