// Jest Snapshot v1, https://goo.gl/fbAQLP

exports[`Settings <SettingsComponent /> Settings Component renders correctly 1`] = `[Function]`;
