// Jest Snapshot v1, https://goo.gl/fbAQLP

exports[`OptionsBarComponent <OptionsBar /> OptionsBar Component renders correctly 1`] = `[Function]`;
