// Jest Snapshot v1, https://goo.gl/fbAQLP

exports[`App Mobile Component <App /> App Component Mobile renders correctly 1`] = `[Function]`;
