// Jest Snapshot v1, https://goo.gl/fbAQLP

exports[`SharedComponent <SharedComponent /> Shared Component Mobile renders correctly 1`] = `[Function]`;
