// Jest Snapshot v1, https://goo.gl/fbAQLP

exports[`DialogComponent <LoginDialog /> Dialog Component renders correctly 1`] = `[Function]`;
