// Jest Snapshot v1, https://goo.gl/fbAQLP

exports[`Lang Buttons <LangButtons /> Lang Buttons Component renders correctly 1`] = `[Function]`;
