// Jest Snapshot v1, https://goo.gl/fbAQLP

exports[`TabsComponent <TabsBar /> TabsBar Component renders correctly 1`] = `[Function]`;
