// Jest Snapshot v1, https://goo.gl/fbAQLP

exports[`WrapperComponent <WrapperComponent /> Wrapper Component renders correctly 1`] = `[Function]`;
