// Jest Snapshot v1, https://goo.gl/fbAQLP

exports[`ChatBoxComponent <ChatBoxComponent /> ChatBox Component renders correctly 1`] = `[Function]`;
